test_46731	/home/minhhiu/MyProjects/data_record_web/audios/202012280736/phamvandan_727.wav	13.47	nằm trên đất kinh kỳ người hà nội xưa mang đậm tính cách trí tuệ hàn lâm văn hiến cũng như có một đời sống tinh thần phong phú
test_46814	/home/minhhiu/MyProjects/data_record_web/audios/202012301316/vanta_1476.wav	6.91	nước việt nam ta nhỏ hay không nhỏ một câu hỏi rất hay khiến mỗi chúng ta đều phải suy nghĩ
test_46772	/home/minhhiu/MyProjects/data_record_web/audios/202012151403/KTPMLeVanHuy_191.wav	7.08	cũng nhờ chạy đôn chạy đáo như thế nên tôi được bạn bè khen dạo này ốm hơn trước rồi đó
test_46792	/home/minhhiu/MyProjects/data_record_web/audios/202012290755/nguyenphuctoan_1263.wav	5.12	song ngay lập tức đã vấp phải sự phản ứng từ chính các trường
test_46734	/home/minhhiu/MyProjects/data_record_web/audios/202012310501/thaibatuyen_1768.wav	3.16	đọc đầy đủ phần gốc với từng câu trả lời
test_46821	/home/minhhiu/MyProjects/data_record_web/audios/202101010457/anhpv_1957.wav	9.81	tại nhà bà sàng các trinh sát mở các bọc tiền vàng trên bàn thờ và thông báo tất cả là đồ giả
test_46736	/home/minhhiu/MyProjects/data_record_web/audios/202012281528/ductoan_1088.wav	8.64	ngay từ năm đầu tiên làm giám thị thượng tá binh đã đưa ra ý tưởng này và cho đến nay đã trở thành truyền thống và được duy trì qua suốt bảy cái tết
test_46915	/home/minhhiu/MyProjects/data_record_web/audios/202012281132/longdothanh_896.wav	2.9	ngoài ấy người ta không gọi mèo là
test_46757	/home/minhhiu/MyProjects/data_record_web/audios/202012221548/anhpv_79.wav	5.55	nhưng cách làm của tôi lại thoải mái bởi sáng tạo nghệ thuật là niềm vui mà
test_46815	/home/minhhiu/MyProjects/data_record_web/audios/202012300416/longdothanh_1438.wav	3.67	anh đã trả lời báo người lao động về dự định này
test_46755	/home/minhhiu/MyProjects/data_record_web/audios/202012311420/anhpv_1853.wav	5.55	nhưng cần thấy rằng góp ý hoàn toàn khác với đánh giá
test_46888	/home/minhhiu/MyProjects/data_record_web/audios/202012220949/anhpv_27.wav	6.49	thả đậu bắp cà chua thơm bạc hà giá vào
test_46733	/home/minhhiu/MyProjects/data_record_web/audios/202012310334/na_1674.wav	3.75	nói tóm lại không có gì đáng bận tâm cả
test_46771	/home/minhhiu/MyProjects/data_record_web/audios/202012290239/nguyenphuctoan_1179.wav	13.65	ngoài ra tổng công ty phải có trách nhiệm báo cáo việc thực hiện các hợp đồng bán gạo trả chậm và việc thanh toán từng lô hàng với bộ thương mại bộ nông nghiệp và phát triển nông thôn
test_46728	/home/minhhiu/MyProjects/data_record_web/audios/202012220949/anhpv_29.wav	4.95	còn nếu đất chưa dùng thì sẽ trả lại cho địa phương
test_46892	/home/minhhiu/MyProjects/data_record_web/audios/202101051642/anhpv_2069.wav	5.63	tuy nhiên chương trình trong nhạc viện lại chưa chú trọng phần nhạc nhẹ
test_46796	/home/minhhiu/MyProjects/data_record_web/audios/202012310338/na_1706.wav	4.01	tên trộm cởi bỏ quần áo lội xuống ao cho ướt người
test_46724	/home/minhhiu/MyProjects/data_record_web/audios/202101051642/anhpv_2062.wav	5.38	nàng nghĩ rằng đàn bà con gái ai lại tỏ ra ham thích điều ấy bao giờ
test_46856	/home/minhhiu/MyProjects/data_record_web/audios/202012241016/longdothanh_219.wav	5.85	nếu tự ý nhổ răng cho trẻ tại nhà rất dễ làm cho răng trẻ mọc xô lệch về sau
test_46748	/home/minhhiu/MyProjects/data_record_web/audios/202012280805/tranmanhdat_823.wav	3.99	hiện chưa thống kê được số tài sản bị thiệt hại
test_46866	/home/minhhiu/MyProjects/data_record_web/audios/202012280813/tranmanhdat_853.wav	10.77	nội dung là hỗ trợ đại diện của doanh nghiệp để tạo dựng mối quan hệ đối tác giữa các doanh nghiệp á âu cũng như tạo môi trường tăng cường đầu tư và thương mại giữa hai vùng
test_46889	/home/minhhiu/MyProjects/data_record_web/audios/202012161409/cnpmdaovancong_289.wav	2.73	người mua không cần biết xuất xứ lò mổ
test_46797	/home/minhhiu/MyProjects/data_record_web/audios/202012311407/anhpv_1827.wav	12.2	ở những nơi này tỉnh liên tục phát thanh hướng dẫn chủ tàu cố gắng lùi sâu vào đất liền giữ khoảng cách an toàn để tránh va đập do gió bão
test_46891	/home/minhhiu/MyProjects/data_record_web/audios/202012290755/nguyenphuctoan_1269.wav	12.46	bên phía hải phòng thì vui sướng trong men say chiến thắng và cũng chẳng để ý tới sự hiện diện của ân nhân cứu mạng của mình ở mùa trước
test_46744	/home/minhhiu/MyProjects/data_record_web/audios/202012281135/longdothanh_902.wav	4.95	nhưng nếu nàng muốn nói chuyện bạn nên cố gắng mở rộng đôi tai để lắng nghe
test_46738	/home/minhhiu/MyProjects/data_record_web/audios/202012151413/KTPMLeVanHuy_214.wav	6.06	đúng như dự đoán thời điểm đoàn kiểm tra xuất hiện đúng lúc xuống khách của tàu cánh ngầm
test_46749	/home/minhhiu/MyProjects/data_record_web/audios/202012161407/cnpmdaovancong_273.wav	13.23	nguyên nhân của lần tăng giá này xuất phát từ thông tin về chuyện trung quốc sẽ xây dựng một số kho dự trữ dầu chiến lược bằng nguồn dự trữ ngoại hối của mình
test_46785	/home/minhhiu/MyProjects/data_record_web/audios/202101010457/anhpv_1953.wav	6.91	một khi đã vươn lên được một bậc bạn biết cách giữ vững chỗ đứng của mình
test_46750	/home/minhhiu/MyProjects/data_record_web/audios/202101010501/anhpv_1969.wav	7.68	tất cả các nghiên cứu đều cho thấy phụ nữ là những người thích hợp nhất vì họ rộng lượng hơn nam giới
test_46885	/home/minhhiu/MyProjects/data_record_web/audios/202012151413/KTPMLeVanHuy_211.wav	5.55	và một nơi làm việc đầy những người lạc quan cũng sẽ mất đi tính cạnh tranh
test_46760	/home/minhhiu/MyProjects/data_record_web/audios/202012281314/HoangTrongBinh_996.wav	8.36	nhiều người khác là những thành viên gia đình châu á phi có giấy tờ đầy đủ nhưng đang sống trong điều kiện khó khăn và chờ được cấp nhà
test_46743	/home/minhhiu/MyProjects/data_record_web/audios/202012290748/nguyenphuctoan_1244.wav	3.5	chúc anh sức khoẻ và hạnh phúc
test_46905	/home/minhhiu/MyProjects/data_record_web/audios/202012231503/anhpv_172.wav	8.02	ông cho biết công ty mẹ đang có kế hoạch thành lập hai nhà máy nữa ở thái lan trong hai năm tới
test_46867	/home/minhhiu/MyProjects/data_record_web/audios/202012281135/longdothanh_904.wav	5.63	trong khi đó châu phát lai em trong phần trả lời thẩm vấn đã liên tục kêu oan
test_46740	/home/minhhiu/MyProjects/data_record_web/audios/202012280757/phamvandan_796.wav	5.94	hàng lô những vật thể lạ được ném xuống sân
test_46839	/home/minhhiu/MyProjects/data_record_web/audios/202012281540/ductoan_1120.wav	4.74	tôi đặc biệt chú ý đến đôi mắt và thường tự trang điểm cho cửa sổ tâm hồn của mình
test_46799	/home/minhhiu/MyProjects/data_record_web/audios/202012310503/thaibatuyen_1777.wav	5.12	nhưng càng làm tôi càng quyết tâm hoàn thành để hài lòng chính bản thân mình
test_46800	/home/minhhiu/MyProjects/data_record_web/audios/202012310340/na_1715.wav	5.97	em ý thức được điều đấy và tập luyện chăm chỉ dưới sự giúp đỡ của các thày
test_46812	/home/minhhiu/MyProjects/data_record_web/audios/202012310325/na_1634.wav	7.25	khi bị kích thích hoặc gần phái nữ tôi vẫn có cảm giác nhưng thằng em thì bất động
test_46906	/home/minhhiu/MyProjects/data_record_web/audios/202012272352/longdothanh_638.wav	6.22	tôi nghe có hiệu trưởng nói thấy đoàn kiểm tra chấm xuất sắc nên chẳng cần phấn đấu làm gì
test_46836	/home/minhhiu/MyProjects/data_record_web/audios/202012290912/nguyenphuctoan_1280.wav	3.16	cô vợ đi vào nhà thờ cầu nguyện cho chồng
test_46789	/home/minhhiu/MyProjects/data_record_web/audios/202012290752/nguyenphuctoan_1258.wav	6.4	có sự đồng cảm riêng tư nào giữa hai người không mong nhận được câu trả lời thật nhất từ chị
test_46847	/home/minhhiu/MyProjects/data_record_web/audios/202012272354/longdothanh_643.wav	6.78	mặc dù trong đợt tập huấn cường độ tập khá nặng nhưng các bước chạy của đội vẫn ngon lành
test_46833	/home/minhhiu/MyProjects/data_record_web/audios/202012290239/nguyenphuctoan_1173.wav	3.16	những biểu hiện cho thấy bạn không thể sống thiếu chàng
test_46880	/home/minhhiu/MyProjects/data_record_web/audios/202012231503/anhpv_176.wav	11.26	thời điểm hiện nay là vào đầu thời kỳ cao điểm dịch trùng với dịp tết nguyên đán nhiều khả năng dịch cúm gia cầm sẽ tiếp tục còn lây lan trong các ngày tới
test_46873	/home/minhhiu/MyProjects/data_record_web/audios/202012310314/na_1577.wav	9.39	thật đáng tiếc là chẳng điều nào xảy ra cả bài xã luận trên nhật báo kinh doanh có đoạn
test_46844	/home/minhhiu/MyProjects/data_record_web/audios/202012151425/KTPMLeVanHuy_241.wav	4.1	bộ xây dựng đang soạn thảo quy phạm xây dựng trong vùng động đất
test_46727	/home/minhhiu/MyProjects/data_record_web/audios/202012301316/vanta_1471.wav	7.94	ông nguyễn thanh trung cho biết có rất nhiều bạn bè người nước ngoài đang hướng đến việt nam như một miền đất thân thiện
test_46717	/home/minhhiu/MyProjects/data_record_web/audios/202012310338/na_1709.wav	5.12	mọi người mua điện thoại di động phụ thuộc vào giá cả chứ không phải tính năng cải tiến
test_46803	/home/minhhiu/MyProjects/data_record_web/audios/202012290755/nguyenphuctoan_1261.wav	9.73	những cô gái da đen ngày càng thổ lộ sự bất mãn về cơ thể của mình và tìm cách giảm cân nhiều có thể
test_46878	/home/minhhiu/MyProjects/data_record_web/audios/202012310343/na_1723.wav	11.43	các địa phương trong khu vực này sẽ phải áp dụng biện pháp khử trùng tiêu độc ở cấp độ cao đồng thời hướng dẫn nhân dân chủ động phòng bệnh cho gia cầm
test_46835	/home/minhhiu/MyProjects/data_record_web/audios/202012310314/na_1576.wav	7.17	tôi rất chia sẻ với sự khó khăn của các đồng nghiệp làm các phim giờ vàng trước đó
test_46868	/home/minhhiu/MyProjects/data_record_web/audios/202012310338/na_1708.wav	3.67	ăn chế độ ăn cân bằng và đủ dinh dưỡng
test_46739	/home/minhhiu/MyProjects/data_record_web/audios/202012281308/HoangTrongBinh_967.wav	8.45	nhưng với kinh nghiệm làm trong ngành ngân hàng lâu năm tôi không thể tin được rằng một cá nhân mà có lượng ngoại tệ mặt lớn đến như vậy
test_46769	/home/minhhiu/MyProjects/data_record_web/audios/202012290239/nguyenphuctoan_1177.wav	6.74	trước khi cho trẻ nằm ngủ lấy bột thuốc đắp lên rốn dùng băng dính cố định lại
test_46794	/home/minhhiu/MyProjects/data_record_web/audios/202012280754/phamvandan_789.wav	4.83	những vi phạm trên chủ yếu phát hiện tại khu vực phía nam
test_46823	/home/minhhiu/MyProjects/data_record_web/audios/202012310334/na_1672.wav	8.45	trong thời gian tới dịch sẽ không phát mạnh vì thời tiết sẽ dần ấm lên và công tác kiểm soát dịch được làm chặt chẽ hơn
test_46784	/home/minhhiu/MyProjects/data_record_web/audios/202012300144/vanta_1396.wav	6.06	anh ấy không nói gì đến chuyện của tôi dù tôi đã nói rõ cho anh ấy biết
test_46775	/home/minhhiu/MyProjects/data_record_web/audios/202101010508/anhpv_1980.wav	6.14	tuy nhiên họ đã sai lầm khi dùng biện pháp quá mạnh không phù hợp với các em nhỏ
test_46837	/home/minhhiu/MyProjects/data_record_web/audios/202012280740/phamvandan_738.wav	12.35	còn anh tiến muốn được đối chất tôi nghĩ khi nào có diễn đàn như thế tôi sẵn sàng trao đổi với anh tiến như đã từng trao đổi trong cuộc kiểm điểm vừa qua
test_46910	/home/minhhiu/MyProjects/data_record_web/audios/202012310336/na_1699.wav	4.1	sinh thời anh sơn là người rất bao dung độ lượng
test_46883	/home/minhhiu/MyProjects/data_record_web/audios/202012280813/tranmanhdat_855.wav	4.37	tôi chưa trải qua những cảm xúc trong tình yêu như thế này bao giờ
test_46842	/home/minhhiu/MyProjects/data_record_web/audios/202101011605/anhpv_2037.wav	6.49	sau hơn chín giờ bay chúng tôi đã có mặt tại xứ sở bạch dương
test_46895	/home/minhhiu/MyProjects/data_record_web/audios/202012300416/longdothanh_1432.wav	7.77	để giải quyết hết khối lượng công việc khổng lồ đó máy chủ phải làm việc hết công suất trong vài trường hợp đã dẫn đến quá tải và hỏng hóc
test_46826	/home/minhhiu/MyProjects/data_record_web/audios/202012231503/anhpv_175.wav	8.19	bảo châu đã tạo được bản sắc của một cô chủ không ưa cánh đàn ông mà chỉ thích kinh doanh nhà hàng
test_46825	/home/minhhiu/MyProjects/data_record_web/audios/202012281258/HoangTrongBinh_923.wav	7.51	người chủ doanh nghiệp phải biết khi nào họ bị hổng trong khả năng quản lý và những nguyên nhân có thể xảy ra sự cố
test_46861	/home/minhhiu/MyProjects/data_record_web/audios/202012310338/na_1702.wav	7.94	cứ mỗi đêm diễn từ phản hồi người xem các nghệ sĩ lại tiếp tục điều chỉnh mà trong đó không phải tất cả đều hay
test_46737	/home/minhhiu/MyProjects/data_record_web/audios/202012280808/tranmanhdat_836.wav	8.36	tuy nhiên khi bị dồn vào đường cùng tinh thần thi đấu quật khởi của đội bóng thủ đô được thể hiện rõ nét nhất
test_46838	/home/minhhiu/MyProjects/data_record_web/audios/202012310321/na_1617.wav	7.34	nhờ có liệu pháp này nhiều bệnh nhân đã được trở lại với cuộc sống bình thường
test_46877	/home/minhhiu/MyProjects/data_record_web/audios/202012281132/longdothanh_891.wav	10.58	người ta không thể bơi được theo lối thông thường mà phải rất nhẹ nhàng dùng tay như chiếc mái chèo để đẩy người đi không khác mấy cách bơi của con vịt
test_46816	/home/minhhiu/MyProjects/data_record_web/audios/202012300147/vanta_1400.wav	6.06	trong khi đó tây ban nha khởi động chậm chạp nhưng dần giành quyền kiểm soát thế trận
test_46871	/home/minhhiu/MyProjects/data_record_web/audios/202012310334/na_1676.wav	8.02	nhưng có ý kiến cho rằng các ca nghệ sĩ làm từ thiện là để gây chú ý cho mọi người
test_46722	/home/minhhiu/MyProjects/data_record_web/audios/202012281514/longdothanh_1024.wav	5.89	nhưng chẳng ăn thua ai cũng cố gắng chen lên trước để được ngồi bàn đầu
test_46804	/home/minhhiu/MyProjects/data_record_web/audios/202012310318/na_1591.wav	4.01	em đã hét lên vì không thể tin nổi vào mắt mình
test_46806	/home/minhhiu/MyProjects/data_record_web/audios/202012281311/HoangTrongBinh_971.wav	5.46	đặc biệt một phóng viên đã có vai trò làm cầu nối trong vụ ký kết hợp đồng giữa cầu thủ và đường dây cá độ
test_46879	/home/minhhiu/MyProjects/data_record_web/audios/202012310458/thaibatuyen_1743.wav	5.29	hết tiền tiêu thì phải làm nhưng các nàng biết làm gì
test_46747	/home/minhhiu/MyProjects/data_record_web/audios/202012281536/ductoan_1110.wav	3.99	nhưng cùng với sự tiến hoá và phát triển của con người là những nhu cầu khổng lồ
test_46774	/home/minhhiu/MyProjects/data_record_web/audios/202012151420/KTPMLeVanHuy_237.wav	6.06	thai phụ cũng nên khám với bác sĩ gây mê để tìm ra phương án tốt nhất phòng trường hợp phải mổ đẻ
test_46723	/home/minhhiu/MyProjects/data_record_web/audios/202012290239/nguyenphuctoan_1176.wav	6.31	lượng xe hiện có chỉ đáp ứng vừa đủ mức nhu cầu theo dự báo trên
test_46859	/home/minhhiu/MyProjects/data_record_web/audios/202012281304/HoangTrongBinh_936.wav	6.4	bà nói cô hạnh từng rất nhiều lần đến nhà tôi và tôi cũng vậy nên cô không thể nói rằng không có chuyện đó
test_46834	/home/minhhiu/MyProjects/data_record_web/audios/202012271516/ductoan_501.wav	5.76	để tiếp tục việc buôn bán ông thắng phải đến chi cục thuế mua hóa đơn lẻ
test_46914	/home/minhhiu/MyProjects/data_record_web/audios/202012281304/HoangTrongBinh_935.wav	11.09	những vùng không cân đối được nguồn nước cho suốt vụ phải thực hiện chuyển đổi cơ cấu cây trồng gieo trồng những cây trồng cạn dùng ít nước đảm bảo hiệu quả sản xuất
test_46778	/home/minhhiu/MyProjects/data_record_web/audios/202101011600/anhpv_2015.wav	5.63	chức vô địch với một đội hình toàn những tay vợt trẻ sẽ còn ấn tượng hơn
test_46901	/home/minhhiu/MyProjects/data_record_web/audios/202012301308/vanta_1464.wav	5.72	chủ nhân các số điện thoại trên đều không nghe hoặc tắt máy
test_46742	/home/minhhiu/MyProjects/data_record_web/audios/202012221549/anhpv_89.wav	3.75	nhưng việt nam không quan tâm lắm đến vấn đề đó
test_46752	/home/minhhiu/MyProjects/data_record_web/audios/202012300144/vanta_1397.wav	3.93	đó có phải là ý chính của bức tranh
test_46764	/home/minhhiu/MyProjects/data_record_web/audios/202012280736/phamvandan_725.wav	8.08	không phải lúc nào cũng có thể can thiệp bằng phẫu thuật nhất là với những trường hợp phát hiện trong giai đoạn sớm
test_46730	/home/minhhiu/MyProjects/data_record_web/audios/202101011600/anhpv_2018.wav	8.02	các chủ đầu tư là người nước ngoài khi tiến hành đầu tư hoạt động thì phải tuân theo nhiều quy định
test_46802	/home/minhhiu/MyProjects/data_record_web/audios/202012221549/anhpv_88.wav	6.83	phong độ sân nhà của mu rất tốt và điều đó sẽ phải được tái hiện
test_46899	/home/minhhiu/MyProjects/data_record_web/audios/202012281314/HoangTrongBinh_997.wav	3.75	chính vì vậy bia càng ít cồn càng đỡ gây béo
test_46850	/home/minhhiu/MyProjects/data_record_web/audios/202012272350/longdothanh_627.wav	12.17	bởi vì làm sao họ biết anh vẽ hay hay vẽ dở nhưng tâm hồn anh thật hay không thật trong tác phẩm là công chúng có thể cảm nhận được công chúng sẽ biết ngay
test_46831	/home/minhhiu/MyProjects/data_record_web/audios/202012290746/nguyenphuctoan_1233.wav	11.86	mặc dù được gọi là tế bào gốc chúng hoàn toàn khác những tế bào gốc của phôi thai những tế bào được hình thành trong những ngày đầu sau khi thụ thai
test_46780	/home/minhhiu/MyProjects/data_record_web/audios/202012281311/HoangTrongBinh_977.wav	4.1	nhật quang cho biết bạn đã cộng tác bài vở với báo tuổi trẻ thanh niên lao động
test_46732	/home/minhhiu/MyProjects/data_record_web/audios/202012271539/anhpv_586.wav	3.41	tôi nghĩ rằng mỗi đội sẽ có một điểm
test_46853	/home/minhhiu/MyProjects/data_record_web/audios/202012281514/longdothanh_1027.wav	6.83	khả năng về nguồn vốn nhàn rỗi trong dân cư và các tổ chức kinh tế còn tương đối lớn
test_46741	/home/minhhiu/MyProjects/data_record_web/audios/202012280731/phamvandan_706.wav	10.5	có thể để ý thấy bàn tay của trẻ khai do trẻ luôn nắm hoặc kéo dương vật
test_46846	/home/minhhiu/MyProjects/data_record_web/audios/202012310318/na_1598.wav	7.42	đôi lúc chính chị gặp những tình huống giống mình quá chưa định diễn đã thấy vào vai
test_46828	/home/minhhiu/MyProjects/data_record_web/audios/202012290746/nguyenphuctoan_1235.wav	11.95	do tò mò anh hỏi người đàn ông đó thi vào trường có khó không thì nhận được câu trả lời cậu là con trai mà sao bi quan quá vậy
test_46848	/home/minhhiu/MyProjects/data_record_web/audios/202012280734/phamvandan_718.wav	5.76	nhưng nếu nàng muốn nói chuyện bạn nên cố gắng mở rộng đôi tai để lắng nghe
test_46841	/home/minhhiu/MyProjects/data_record_web/audios/202012300138/vanta_1376.wav	6.4	vì vậy việc tận dụng mặt bằng hội trường để tạo thêm nguồn thu không có gì là khó hiểu
test_46855	/home/minhhiu/MyProjects/data_record_web/audios/202012310327/na_1646.wav	6.91	tuy nhiên hoài thu và quốc huân cũng có khả năng tạo bất ngờ
test_46793	/home/minhhiu/MyProjects/data_record_web/audios/202012301320/vanta_1479.wav	9.73	nếu bạn làm đều đặn mỗi ngày một lần làn da sẽ trở nên mềm mại và tươi sáng nhất là đối với da đã bị lão hóa
test_46893	/home/minhhiu/MyProjects/data_record_web/audios/202012310323/na_1624.wav	8.7	tinh thần của những chàng pháo thủ cũng đã trở lại ổn định sau loạt trận thành công gần đây
test_46726	/home/minhhiu/MyProjects/data_record_web/audios/202012300138/vanta_1375.wav	10.07	từ điển mà sở thương mại đồng nai dẫn chứng là từ điển bách khoa chỉ có thể dẫn ra nội dung tổng quát nhất chứ không phải là từ điển chuyên ngành
test_46813	/home/minhhiu/MyProjects/data_record_web/audios/202012300138/vanta_1370.wav	7.25	anh phải thở máy gần một tháng rưỡi sau đó nhiều lần bị tràn khí màng phổi
test_46783	/home/minhhiu/MyProjects/data_record_web/audios/202012281303/HoangTrongBinh_933.wav	2.13	ông gay gắt chúng tôi là bạn của mỹ
test_46865	/home/minhhiu/MyProjects/data_record_web/audios/202101011603/anhpv_2026.wav	9.39	tội nghiệp nó mới có mấy tuổi đầu mà phải chịu băng bột vừa nóng vừa ngứa khóc suốt ngày đêm
test_46791	/home/minhhiu/MyProjects/data_record_web/audios/202012280731/phamvandan_708.wav	12.17	cũng phải là một người có tâm hồn như thế nào đó thì anh ấy và gia đình họ mới lưu luyến và quý trọng chị như vậy nếu quả thật như những gì bạn đã kể
test_46735	/home/minhhiu/MyProjects/data_record_web/audios/202012281544/ductoan_1134.wav	4.37	lương quốc toàn vào sân thay đặng minh luân và đá cắm một mình ở trên
test_46801	/home/minhhiu/MyProjects/data_record_web/audios/202012151359/KTPMLeVanHuy_188.wav	4.78	khi đó hãy chọn đôi giày vừa cho bàn chân dài hơn
test_46903	/home/minhhiu/MyProjects/data_record_web/audios/202012151407/KTPMLeVanHuy_205.wav	3.75	nghĩ đó là nghiệp vụ của bác sĩ nên vô tư kể
test_46864	/home/minhhiu/MyProjects/data_record_web/audios/202012290912/nguyenphuctoan_1281.wav	11.26	nằm giữa một khu vực đất thiêng mà những huyền thoại truyền thuyết và thư tịch cổ đều nói đến một kinh đô văn lang xưa ở chính khu vực này
test_46882	/home/minhhiu/MyProjects/data_record_web/audios/202012290737/nguyenphuctoan_1203.wav	7.51	thậm chí ông chấp nhận chịu lỗ đôi chút để giúp cho gia chủ giữ lại ngôi nhà của tổ tiên
test_46763	/home/minhhiu/MyProjects/data_record_web/audios/202012281515/ductoan_870.wav	10.03	đoàn đại biểu của chính phủ lần này sẽ do phó thủ tướng vũ khoan và bộ trưởng kế hoạch và đầu tư võ hồng phúc dẫn đầu cùng đại diện cao cấp của các bộ ngành
test_46843	/home/minhhiu/MyProjects/data_record_web/audios/202012281258/HoangTrongBinh_920.wav	7.17	nhiệm vụ của ông không phải là chống lại những người biểu tình mà là cản trở việc huy động các binh sĩ
test_46777	/home/minhhiu/MyProjects/data_record_web/audios/202012281308/HoangTrongBinh_960.wav	11.52	như vậy vô tình những người cán bộ công nhân viên tăng cường hiểu biết nhau hơn có cảm tình sâu sắc với nhau hơn và làm cho quan hệ giữa mọi người với lãnh đạo cũng mật thiết hơn
test_46827	/home/minhhiu/MyProjects/data_record_web/audios/202012290746/nguyenphuctoan_1237.wav	4.1	quyền phủ quyết là một trong những vấn đề cuối cùng được giải quyết
test_46761	/home/minhhiu/MyProjects/data_record_web/audios/202012301318/vanta_1471.wav	7.94	ông nguyễn thanh trung cho biết có rất nhiều bạn bè người nước ngoài đang hướng đến việt nam như một miền đất thân thiện
test_46768	/home/minhhiu/MyProjects/data_record_web/audios/202012151407/KTPMLeVanHuy_202.wav	6.06	ba mẹ chồng trâm dường như bất lực trước sự xung đột của con cháu
test_46907	/home/minhhiu/MyProjects/data_record_web/audios/202012271539/anhpv_588.wav	7.0	tôi đã nghiên cứu rất kỹ kịch bản và làm việc cụ thể với đạo diễn
test_46884	/home/minhhiu/MyProjects/data_record_web/audios/202012310316/na_1585.wav	16.13	hơn nữa khi công bố danh sách cơ quan thi hành án dân sự có thể nhận thông tin từ nhân dân về tài sản các khoản vốn góp vào doanh nghiệp khác các cổ phần các khoản tiền chi vay
test_46810	/home/minhhiu/MyProjects/data_record_web/audios/202012310501/thaibatuyen_1761.wav	7.59	người chơi cũng không cần phải dành quá nhiều thời gian cho chúng như trước cho ăn chơi đùa
test_46874	/home/minhhiu/MyProjects/data_record_web/audios/202012310504/thaibatuyen_1789.wav	9.13	không nên để phát triển tràn lan phương tiện lưu thông cá nhân như hiện nay mà phải có sự kiểm soát nhất là đối với xe ô tô cá nhân
test_46773	/home/minhhiu/MyProjects/data_record_web/audios/202012271521/ductoan_521.wav	4.74	trận đấu có nguy cơ đổ vỡ khi các cầu thủ đội khách không chịu thi đấu
test_46807	/home/minhhiu/MyProjects/data_record_web/audios/202012290748/nguyenphuctoan_1241.wav	6.31	nhưng sau một năm dốc lực cho nghề cô hiểu rằng trình diễn trên sân khấu không phù hợp
test_46869	/home/minhhiu/MyProjects/data_record_web/audios/202101010457/anhpv_1952.wav	8.11	như vậy xu hướng đã được cập nhật ý chí cũng sẵn có bài vở cũng không thiếu
test_46900	/home/minhhiu/MyProjects/data_record_web/audios/202012281312/HoangTrongBinh_988.wav	3.16	vì vậy chúng không thể có tác dụng như quảng cáo
test_46718	/home/minhhiu/MyProjects/data_record_web/audios/202012280750/phamvandan_772.wav	12.54	trải qua nhiều năm tháng cuộc sống của đồng bào lô lô đã ấm no hơn nhờ chính sách của đảng và nhà nước nhưng nét văn hóa riêng của họ vẫn được giữ gìn và lưu truyền
test_46862	/home/minhhiu/MyProjects/data_record_web/audios/202012281531/ductoan_1092.wav	3.44	sang năm tới chắc là hai đơn vị sẽ có những hợp tác cụ thể hơn
test_46798	/home/minhhiu/MyProjects/data_record_web/audios/202012300138/vanta_1371.wav	8.53	thậm chí với vai trò giám sát công chúng còn có khả năng hạn chế những sai sót của cơ quan cán bộ trong cơ quan quản lý
test_46808	/home/minhhiu/MyProjects/data_record_web/audios/202012221549/anhpv_85.wav	6.23	sau khi tắm bạn sẽ cảm nhận được hương hoa hồng gợi cảm trên da
test_46902	/home/minhhiu/MyProjects/data_record_web/audios/202012220951/anhpv_34.wav	5.03	giờ đây tôi lại một lần nữa tiến gần và không thể lơ đãng
test_46911	/home/minhhiu/MyProjects/data_record_web/audios/202012311407/anhpv_1822.wav	6.83	chuyện hậu trường giả gái cũng nhiều tiếng cười nhất là chuyện làm đẹp
test_46824	/home/minhhiu/MyProjects/data_record_web/audios/202012220955/anhpv_59.wav	4.18	dù sao diễn hài cũng là một sở trường của tôi
test_46721	/home/minhhiu/MyProjects/data_record_web/audios/202101010451/anhpv_1907.wav	4.78	nhà khó tìm tìm cả tiếng không ra
test_46887	/home/minhhiu/MyProjects/data_record_web/audios/202012310325/na_1633.wav	4.86	ta thử hình dung các nang trứng là các quả bóng thổi cao su
test_46753	/home/minhhiu/MyProjects/data_record_web/audios/202012301308/vanta_1463.wav	9.39	làm luật của nhà nước có mục đích tạo ra sự ổn định yên ổn để dân yên tâm sinh sống làm ăn để giảm chi phí kinh doanh chi phí sống
test_46790	/home/minhhiu/MyProjects/data_record_web/audios/202012220951/anhpv_33.wav	5.8	do khách hàng yêu cầu mà mục đích để chơi hơn là làm dấu
test_46845	/home/minhhiu/MyProjects/data_record_web/audios/202012301316/vanta_1472.wav	4.61	tôi cho nó thi nhạc viện đỗ liền
test_46776	/home/minhhiu/MyProjects/data_record_web/audios/202012221549/anhpv_82.wav	4.78	sau khi thực dân rút chạy quân ta hoàn toàn kiểm soát thành phố
test_46766	/home/minhhiu/MyProjects/data_record_web/audios/202012281303/HoangTrongBinh_930.wav	5.21	và trên hết mẹ cầu cho người con gái ấy sẽ yêu con bằng tất cả trái tim
test_46863	/home/minhhiu/MyProjects/data_record_web/audios/202012271533/anhpv_544.wav	6.57	mục đích cuối cùng của cải cách phải là chất lượng xét xử
test_46787	/home/minhhiu/MyProjects/data_record_web/audios/202012301316/vanta_1478.wav	7.0	chính vì vậy đội hình của chúng tôi sẽ có một số thay đổi để thích ứng tốt hơn trong cuộc chạm trán này
test_46788	/home/minhhiu/MyProjects/data_record_web/audios/202012151416/KTPMLeVanHuy_223.wav	8.53	trải qua bao nhiêu khó khăn vất vả giờ đây cuộc sống người dân đất tổ đang từng ngày đi lên hiện đại hóa công nghiệp hóa
test_46817	/home/minhhiu/MyProjects/data_record_web/audios/202012311410/anhpv_1836.wav	6.49	nếu tóc bạn ẩm và nhờn ăn thêm sữa chua sẽ giảm bớt độ nhờn của tóc
test_46809	/home/minhhiu/MyProjects/data_record_web/audios/202101010457/anhpv_1956.wav	6.31	hai nhóm chiến binh hồi giáo khác trước đó đã tuyên bố nhận trách nhiệm vụ đánh bom
test_46857	/home/minhhiu/MyProjects/data_record_web/audios/202012280731/phamvandan_705.wav	9.66	như vậy nội dung hai chi tố cáo trưởng công an xã nguyễn văn nguyệt là sai sự thật
test_46822	/home/minhhiu/MyProjects/data_record_web/audios/202012271536/anhpv_574.wav	12.63	do tư thế bán bào thai này chiếm ít khoảng trống nhất nên chàng sẽ là một người rất biết cho trong tình yêu
test_46746	/home/minhhiu/MyProjects/data_record_web/audios/202012161407/cnpmdaovancong_279.wav	5.63	viện kiểm sát nhân dân đã phê chuẩn lệnh bắt tạm giam và khởi tố ông nguyễn việt tiến
test_46832	/home/minhhiu/MyProjects/data_record_web/audios/202012231458/anhpv_169.wav	12.03	chồng mất khi sinh đứa con trai út bà ở vậy nuôi con khôn lớn và bằng cuộc đời của chính mình với trái tim yêu thương của mình bà dạy cho các con nên người
test_46851	/home/minhhiu/MyProjects/data_record_web/audios/202012310312/na_1567.wav	6.83	làm việc gì và làm như thế nào với tổng thống và nội các này đây
test_46858	/home/minhhiu/MyProjects/data_record_web/audios/202012271521/ductoan_524.wav	4.55	dù rất thận trọng song cơ quan quản lý cũng rơi vào thế bị động
test_46719	/home/minhhiu/MyProjects/data_record_web/audios/202012310318/na_1597.wav	6.4	hiện nay chưa có loại nào bị phát tán lung tung nhưng chúng đã xuất hiện
test_46886	/home/minhhiu/MyProjects/data_record_web/audios/202012272352/longdothanh_630.wav	5.85	thực chất anh đưa ra giá khá cao nhưng không đến mức như họ đã nói
test_46908	/home/minhhiu/MyProjects/data_record_web/audios/202012280734/phamvandan_719.wav	8.27	thật tai hại nếu điều này xảy ra với tôi tôi cảm thấy như mình bị theo dõi và cuộc sống của tôi sẽ bất an
test_46876	/home/minhhiu/MyProjects/data_record_web/audios/202012220954/anhpv_48.wav	4.86	hai miền triều tiên lần thứ hai đàm phán về quân sự
test_46881	/home/minhhiu/MyProjects/data_record_web/audios/202012281540/ductoan_1122.wav	8.54	mỗi người đàn ông sau khi bắt tay với một người khác giới anh ta sẽ nắm lấy tay người ấy và đặt vào chỗ ấy của mình hoặc đặt vào chỗ của người kia
test_46805	/home/minhhiu/MyProjects/data_record_web/audios/202012271529/ductoan_537.wav	2.97	trên sân họ chỉ tập những miếng đánh đơn giản
test_46754	/home/minhhiu/MyProjects/data_record_web/audios/202012281528/ductoan_1085.wav	6.97	ông nguyễn thế lữ về việt nam với mục đích thăm dò đối tác công nghệ cho một tổ chức đầu tư vốn mạo hiểm của mỹ
test_46818	/home/minhhiu/MyProjects/data_record_web/audios/202012310306/na_1531.wav	4.52	văn quyến nguyên tắc phải di chuyển nhiều mới đá hay được
test_46758	/home/minhhiu/MyProjects/data_record_web/audios/202012281308/HoangTrongBinh_968.wav	3.33	chỉ còn một cách là tự tổ chức các chuyến dã ngoại
test_46720	/home/minhhiu/MyProjects/data_record_web/audios/202101010508/anhpv_1986.wav	9.05	tuy nhiên với lực lượng cầu thủ dồi dào và phong độ tuyệt vời như hiện tại nhà đương kim vô địch việt nam hoàn toàn có đủ tự tin
test_46811	/home/minhhiu/MyProjects/data_record_web/audios/202012190248/anhpv_441.wav	5.21	mà ca sĩ nằm lại được với khán giả nhiều khi nhờ ca khúc rất nhiều
test_46782	/home/minhhiu/MyProjects/data_record_web/audios/202012310325/na_1639.wav	10.92	mỗi tuần một lần đi tàu nhanh là một dấu hiệu cho thấy mối quan hệ của bạn bền vững và rằng bạn đời của bạn hiểu được nhu cầu sinh lý của bạn
test_46860	/home/minhhiu/MyProjects/data_record_web/audios/202012280813/tranmanhdat_858.wav	9.66	nhìn chung ăn mặc bắt buộc phải có sự phá cách cách điệu về kiểu dáng nhưng màu sắc thì tôi vẫn chung thủy với sắc trắng đen và vàng đất
test_46872	/home/minhhiu/MyProjects/data_record_web/audios/202012300150/vanta_1400.wav	6.06	trong khi đó tây ban nha khởi động chậm chạp nhưng dần giành quyền kiểm soát thế trận
test_46909	/home/minhhiu/MyProjects/data_record_web/audios/202012290912/nguyenphuctoan_1284.wav	7.34	nguyên nhân gây tăng huyết áp phần lớn là uống nhiều bia rượu hút thuốc lá ít hoạt động chân tay
test_46896	/home/minhhiu/MyProjects/data_record_web/audios/202012281303/HoangTrongBinh_936.wav	6.4	bà nói cô hạnh từng rất nhiều lần đến nhà tôi và tôi cũng vậy nên cô không thể nói rằng không có chuyện đó
test_46770	/home/minhhiu/MyProjects/data_record_web/audios/202012310458/thaibatuyen_1747.wav	13.99	tình trạng chậm trễ giải quyết cảnh cò kè bớt một thêm hai dễ làm người ta nản lòng và mất lòng tin vào thiện ý sửa sai của các cơ quan thừa hành pháp luật
test_46904	/home/minhhiu/MyProjects/data_record_web/audios/202012280813/tranmanhdat_859.wav	8.92	nhưng muốn khẳng định điều này thì đòi hỏi phải có những công trình nghiên cứu khoa học trong khi kinh phí hiện nay chưa cho phép ông thủy phân trần
test_46795	/home/minhhiu/MyProjects/data_record_web/audios/202012280810/tranmanhdat_849.wav	3.62	sẽ rất khó để loại bỏ được nhạc thị trường
test_46729	/home/minhhiu/MyProjects/data_record_web/audios/202012190248/anhpv_442.wav	9.3	tôi đề nghị đồng chí thủ tướng các phó thủ tướng nên tạo điều kiện để các bộ trưởng thật sự là tư lệnh lĩnh vực
test_46830	/home/minhhiu/MyProjects/data_record_web/audios/202012272350/longdothanh_622.wav	10.22	cô ra chợ mua dây dù khăn bịt mặt đèn pin túi xách và cồn để khử trùng hung khí trước khi tự tạo vết cắt trên vai
test_46725	/home/minhhiu/MyProjects/data_record_web/audios/202012310503/thaibatuyen_1770.wav	3.5	bệnh viện hơn là một nơi làm đẹp
test_46912	/home/minhhiu/MyProjects/data_record_web/audios/202101010508/anhpv_1983.wav	13.82	tổ chức này có mạng lưới chi nhánh ở nhiều nước phương tây và để kiếm tiền phục vụ các hoạt động lật đổ chống nhà nước ta chúng đã tiến hành các hoạt động bất hợp pháp kể cả buôn bán ma túy
test_46820	/home/minhhiu/MyProjects/data_record_web/audios/202012301320/vanta_1471.wav	7.94	ông nguyễn thanh trung cho biết có rất nhiều bạn bè người nước ngoài đang hướng đến việt nam như một miền đất thân thiện
test_46745	/home/minhhiu/MyProjects/data_record_web/audios/202012220949/anhpv_23.wav	7.77	xem họ thi đấu chúng ta có cảm giác họ triển khai tấn công cũng như tổ chức phòng ngự và ghi bàn rất dễ dàng
test_46890	/home/minhhiu/MyProjects/data_record_web/audios/202012271516/ductoan_506.wav	2.6	đó là điều khó khăn với bất kỳ ai
test_46779	/home/minhhiu/MyProjects/data_record_web/audios/202012281522/ductoan_1053.wav	4.64	nhưng những gì tôi làm đang được đón nhận ngày càng lớn hơn
test_46849	/home/minhhiu/MyProjects/data_record_web/audios/202012310332/na_1660.wav	5.21	sao và các nhà thiết kế cùng hợp tác làm ăn để lăng xê lẫn nhau
test_46756	/home/minhhiu/MyProjects/data_record_web/audios/202012310340/na_1718.wav	4.78	để khắc phục phụ nữ nên vệ sinh thường xuyên và lau khô vùng sinh dục
test_46759	/home/minhhiu/MyProjects/data_record_web/audios/202012300144/vanta_1393.wav	9.73	nhiều tổng công ty chỉ như một văn phòng tổng hợp hoạt động từ các đơn vị thành viên và làm một số việc cho họ
test_46898	/home/minhhiu/MyProjects/data_record_web/audios/202012280754/phamvandan_784.wav	8.64	chương trình này được nạp vào phần cứng qua một đoạn phim cũ có đục lỗ vì thời đó giấy khá khan hiếm
test_46767	/home/minhhiu/MyProjects/data_record_web/audios/202012310343/na_1729.wav	7.94	với việc giết người và đánh lừa cơ quan pháp luật bằng cách tự tử lợi không thoát khỏi án tử hình
test_46840	/home/minhhiu/MyProjects/data_record_web/audios/202012310323/na_1628.wav	5.63	ngoài ra những sản phẩm có nhiều đường còn là nguyên nhân gây hư răng
test_46819	/home/minhhiu/MyProjects/data_record_web/audios/202012280810/tranmanhdat_848.wav	6.97	các cầu thủ phải ý thức được trách nhiệm của mình biết khi nào cần nói không với chuyện ấy
test_46913	/home/minhhiu/MyProjects/data_record_web/audios/202012151413/KTPMLeVanHuy_218.wav	5.29	đó là một trong những điều quan trọng nhất trên sân cỏ tay vợt người nga nói
test_46897	/home/minhhiu/MyProjects/data_record_web/audios/202012271516/ductoan_505.wav	7.62	đối tượng này có thói quen ăn ít chất xơ uống không đủ nước hoặc nhai không kỹ do có bệnh lý răng miệng
test_46852	/home/minhhiu/MyProjects/data_record_web/audios/202012220951/anhpv_31.wav	3.75	vậy là có nhiều khả năng ông phải chuyển tông
test_46829	/home/minhhiu/MyProjects/data_record_web/audios/202101010501/anhpv_1968.wav	14.85	sau này với lý do cần một nơi yên tĩnh để cầu nguyện hoàng hậu cho xây dựng ngôi nhà đặc biệt quy định ngoài những cung nữ hầu hạ bất kỳ ai cũng không được ra vào kể cả thành đế
test_46870	/home/minhhiu/MyProjects/data_record_web/audios/202012271521/ductoan_525.wav	7.71	nhưng tại thời điểm đó bộ trưởng đào đình bình phải đi công tác với tổng bí thư ở nước ngoài đây là nhiệm vụ chính trị
test_46894	/home/minhhiu/MyProjects/data_record_web/audios/202101010451/anhpv_1901.wav	9.9	hà kiều anh cho biết cô đã yêu cầu khách sạn lập biên bản xác định rõ đền hay không số tiền bị mất nhưng họ không chấp nhận
test_46875	/home/minhhiu/MyProjects/data_record_web/audios/202012310308/na_1548.wav	7.34	đội chủ nhà có trong tay nhiều ngôi sao và được đánh giá cao hơn trước giờ nhập cuộc
test_46781	/home/minhhiu/MyProjects/data_record_web/audios/202012290741/nguyenphuctoan_1212.wav	13.99	với sự ra đời của các trung tâm này nếu bộ giao thông vận tải muốn xây một cây cầu chỉ cần đặt đầu bài cho họ họ sẽ đứng ra tổ chức đấu thầu sẽ thuê công ty giám sát
test_46765	/home/minhhiu/MyProjects/data_record_web/audios/202012310338/na_1703.wav	6.06	vấn đề thay đổi đạo diễn cùng với những trục trặc nội bộ khiến thời gian quay phim kéo quá dài
test_46854	/home/minhhiu/MyProjects/data_record_web/audios/202012280808/tranmanhdat_834.wav	10.4	mà cũng phải thôi cả đêm hôm trước mọi người đã thức rất khuya để đón giao thừa để uống rượu để trò chuyện và chúc tụng lẫn nhau
test_46786	/home/minhhiu/MyProjects/data_record_web/audios/202012280808/tranmanhdat_831.wav	5.67	sau một năm kiếm tìm vô vọng anh bất ngờ được điện thoại của cô
test_46751	/home/minhhiu/MyProjects/data_record_web/audios/202012272350/longdothanh_624.wav	5.02	và chúng tôi vẫn phải theo dõi ở mức chặt chẽ nhất có thể
test_46762	/home/minhhiu/MyProjects/data_record_web/audios/202012280736/phamvandan_726.wav	5.11	nhiều người trong cuộc nhiều nhân chứng vẫn còn sống trong và ngoài huế
